src/core/agent.ts(556,11): error TS2741: Property 'sessionDir' is missing in type '{ sessionId: string; config: SessionConfig; workspace: string; vectorMemory: VectorMemory; quickMemory: QuickMemory; tmpMemory: QuickMemory; ... 10 more ...; clearHistory: () => void; }' but required in type 'ToolContext'.
src/providers/openai.ts(172,51): error TS2345: Argument of type '{ tools?: Record<string, unknown>[] | undefined; tool_choice?: "auto" | undefined; model: string; input: Record<string, unknown>[]; }' is not assignable to parameter of type 'ResponseStreamParams'.
  Type '{ tools?: Record<string, unknown>[] | undefined; tool_choice?: "auto" | undefined; model: string; input: Record<string, unknown>[]; }' is not assignable to type 'ResponseCreateAndStreamParams'.
    Type '{ tools?: Record<string, unknown>[] | undefined; tool_choice?: "auto" | undefined; model: string; input: Record<string, unknown>[]; }' is not assignable to type 'Omit<ResponseCreateParamsBase, "stream">'.
      Types of property 'tools' are incompatible.
        Type 'Record<string, unknown>[] | undefined' is not assignable to type 'Tool[] | undefined'.
          Type 'Record<string, unknown>[]' is not assignable to type 'Tool[]'.
            Type 'Record<string, unknown>' is not assignable to type 'Tool'.
              Property 'type' is missing in type 'Record<string, unknown>' but required in type 'ImageGeneration'.
src/providers/openai.ts(228,59): error TS2769: No overload matches this call.
  Overload 1 of 3, '(body: ResponseCreateParamsNonStreaming, options?: RequestOptions | undefined): APIPromise<Response>', gave the following error.
    Argument of type '{ tools?: Record<string, unknown>[] | undefined; tool_choice?: "auto" | undefined; model: string; input: Record<string, unknown>[]; }' is not assignable to parameter of type 'ResponseCreateParamsNonStreaming'.
      Types of property 'input' are incompatible.
        Type 'Record<string, unknown>[]' is not assignable to type 'string | ResponseInput | undefined'.
          Type 'Record<string, unknown>[]' is not assignable to type 'ResponseInput'.
            Type 'Record<string, unknown>' is not assignable to type 'ResponseInputItem'.
              Type 'Record<string, unknown>' is missing the following properties from type 'McpCall': id, arguments, name, server_label, type
  Overload 2 of 3, '(body: ResponseCreateParamsStreaming, options?: RequestOptions | undefined): APIPromise<Stream<ResponseStreamEvent>>', gave the following error.
    Argument of type '{ tools?: Record<string, unknown>[] | undefined; tool_choice?: "auto" | undefined; model: string; input: Record<string, unknown>[]; }' is not assignable to parameter of type 'ResponseCreateParamsStreaming'.
      Property 'stream' is missing in type '{ tools?: Record<string, unknown>[] | undefined; tool_choice?: "auto" | undefined; model: string; input: Record<string, unknown>[]; }' but required in type 'ResponseCreateParamsStreaming'.
  Overload 3 of 3, '(body: ResponseCreateParamsBase, options?: RequestOptions | undefined): APIPromise<Response | Stream<ResponseStreamEvent>>', gave the following error.
    Argument of type '{ tools?: Record<string, unknown>[] | undefined; tool_choice?: "auto" | undefined; model: string; input: Record<string, unknown>[]; }' is not assignable to parameter of type 'ResponseCreateParamsBase'.
      Types of property 'input' are incompatible.
        Type 'Record<string, unknown>[]' is not assignable to type 'string | ResponseInput | undefined'.
          Type 'Record<string, unknown>[]' is not assignable to type 'ResponseInput'.
            Type 'Record<string, unknown>' is not assignable to type 'ResponseInputItem'.
              Type 'Record<string, unknown>' is missing the following properties from type 'McpCall': id, arguments, name, server_label, type
src/tools/mcp-client.ts(357,58): error TS2345: Argument of type 'string | undefined' is not assignable to parameter of type 'string'.
  Type 'undefined' is not assignable to type 'string'.
